	margalef
S100.8123_S2	16.606158598753826
S101.8118_S3	28.807475505695628
S102.8145_S4	20.990726912812754
S103.8150_S5	23.405355542956425
S104.8162_S6	22.30247113553589
S105.8151_S7	15.9697440446536
S106.8079_S8	8.28584613125646
S107.8192_S9	9.508387083946573
S108.8103_S10	13.390585913390249
S109.8446_S11	28.33075074435366
S110.8096_S12	16.673944104688008
S111.8449_S13	20.647833581595005
S112.8459_S14	20.62286732234464
S113.8451_S15	27.93240761997659
S114.8452_S16	22.509956183368324
S115.8234_S17	20.99771268598414
S116.8209_S18	23.56643779083198
S117.8026_S19	19.221858142178835
S118.8490_S20	16.948484988361212
S119.8130_S21	14.00839342373025
S120.8477_S22	26.176895228360497
S121.8264_S23	16.33578848463665
S122.8134_S24	23.024135189393505
S123.8176_S25	19.217116096194477
S124.8224_S26	21.792174167645804
S125.8210_S27	12.45069417358393
S126.8135_S28	27.342227509397315
S127.8112_S29	21.16189017140873
S128.8202_S30	22.8880113938214
S129.8204_S31	12.204555357916968
S130.8507_S32	21.3950640453924
S131.8274_S33	23.775976542688866
S132.8297_S34	24.99362639542883
S133.8222_S35	16.024111077460468
S134.8546_S36	15.488229676898644
S135.8381_S37	17.52271426589455
S136.8391_S38	18.007733773993937
S137.8574_S39	36.597742313414386
S138.8047_S40	15.357021378350952
S139.8583_S41	37.239068587152836
S140.8013_S42	27.530943508252875
S141.8080_S43	23.052154640561263
S142.8621_S44	25.12496914374911
S143.8071_S45	23.67943368697927
S144.8417_S46	20.124306335908486
S145.8371_S47	20.435152939771015
S146.8430_S48	22.741853513794673
S147.8369_S49	32.5737619026362
S148.8242_S50	11.861524346995225
S149.8312_S51	27.461641491359256
